// Jest Snapshot v1, https://goo.gl/fbAQLP

exports[`Todo exists? idk 1`] = `
<li
  className="flex content-stretch todo-item"
>
  <div
    className="todo-complete-button bg-green near-white br2 ph3 pv1 pointer mb2 mr2 dim flex items-center"
    onClick={[Function]}
  >
    <svg
      fill="none"
      height="24"
      stroke="currentColor"
      strokeLinecap="round"
      strokeLinejoin="round"
      strokeWidth="2"
      viewBox="0 0 24 24"
      width="24"
      xmlns="http://www.w3.org/2000/svg"
    >
      <polyline
        points="20 6 9 17 4 12"
      />
    </svg>
  </div>
  <div
    className="todo-content br2 ph3 pv1 mb2 bg-light-gray"
    style={
      Object {
        "flexGrow": 2,
      }
    }
  >
    <textarea
      className="pa2 bn w-100 bg-light-gray near-black"
      disabled={false}
      onChange={[Function]}
      style={
        Object {
          "outline": 0,
          "resize": "none",
        }
      }
      value="Demo test"
    />
  </div>
  <div
    className="br2 ph3 pv1 pointer mb2 ml2 dim bg-near-white red flex items-center"
    onClick={[Function]}
  >
    <svg
      fill="none"
      height={18}
      stroke="currentColor"
      strokeLinecap="round"
      strokeLinejoin="round"
      strokeWidth="2"
      viewBox="0 0 24 24"
      width={18}
      xmlns="http://www.w3.org/2000/svg"
    >
      <polyline
        points="3 6 5 6 21 6"
      />
      <path
        d="M19 6v14a2 2 0 0 1-2 2H7a2 2 0 0 1-2-2V6m3 0V4a2 2 0 0 1 2-2h4a2 2 0 0 1 2 2v2"
      />
    </svg>
  </div>
</li>
`;
